{
  "evidence_level": "CPU numerical mechanism checks, synthetic constructs only",
  "cases": {
    "01": {
      "unrestricted_margin": 1.0,
      "existing_pool_margin": -0.5,
      "with_verified_bridge_margin": 1.0,
      "primal_dual_gap": 0.0,
      "interpretation": "Constructed support gap, not an observed recommendation improvement."
    },
    "02": {
      "invariance_max_error": 1.3072876114961218e-14,
      "weighted_orthogonality_error": 4.0342560024789425e-14,
      "not_proven": "Residuals equal true personalized interests."
    },
    "03": {
      "order_identity_error": 5.2845041577819695e-17,
      "order_effect_norm": 0.025628109567426213,
      "commuting_null": 0.0
    },
    "04": {
      "true_mean": 0.8,
      "complete_case_designed_dr_estimate": 0.8000000000000002,
      "unknown_propensity_handling": "raises ValueError, never replaced by a uniform assumption"
    },
    "05": {
      "base_max_second_moment": 2.9000000000000004,
      "allocated_max_second_moment": 2.5356906648745747,
      "q": [
        0.5628357138037731,
        0.2475724916696423,
        0.1895917945265846
      ],
      "scope": "Fixed synthetic vector score distribution, not GRPO true-reward guarantee."
    },
    "06": {
      "rank": [
        0,
        1
      ],
      "scores": [
        0.7,
        0.25
      ],
      "accepted_verified_pairs": 1,
      "warning": "Witness violation is necessary, not sufficient. No actual expert labeling performed."
    },
    "07": {
      "pagerank_mass": 1.0,
      "absorbing_value": [
        2.962962962962963,
        2.5925925925925926
      ],
      "one_step_epsilon": 0.5,
      "one_step_lower_value": 0.6,
      "real_retention_validated": false
    },
    "08": {
      "trie_probability_max_error": 0.0,
      "speculative_identity_max_error": 1.1102230246251565e-16,
      "acceptance": 0.6,
      "wallclock_speedup_measured": false
    },
    "09": {
      "selected": [
        2,
        0
      ],
      "coverage": 2.42,
      "optimal_coverage_small_enumeration": 2.42,
      "ratio": 1.0,
      "expert_fit_calibrated": false
    },
    "10": {
      "selected_experiments": [
        0,
        2
      ],
      "gaussian_information": 1.791759469228055,
      "redundant_pair_information": 1.1945419193053315,
      "chemistry_or_wet_lab_validated": false
    },
    "confidence_gate": {
      "empirical_response": 1.0,
      "lower_response": -0.9206455826398414,
      "decision": "INSUFFICIENT_EVIDENCE, not safe improvement"
    }
  }
}
